// Vitest Snapshot v1, https://vitest.dev/guide/snapshot.html

exports[`steps (markdown-it): 'blank line between steps continues bl…' 1`] = `"<ol class="markdown-steps"><li class="markdown-steps-item" data-step="1"><p class="markdown-steps-title">Step one</p><div class="markdown-steps-body"><p>Body.</p></div></li><li class="markdown-steps-item" data-step="2"><p class="markdown-steps-title">Step two from same block</p><div class="markdown-steps-body"><p>Body.</p></div></li></ol>"`;

exports[`steps (markdown-it): 'body with blockquote' 1`] = `"<ol class="markdown-steps"><li class="markdown-steps-item" data-step="1"><p class="markdown-steps-title">Step with a blockquote</p><div class="markdown-steps-body"><blockquote><p>This is a blockquote inside a step.</p><p>It has multiple lines.</p></blockquote></div></li></ol>"`;

exports[`steps (markdown-it): 'body with code fence' 1`] = `
"<ol class="markdown-steps"><li class="markdown-steps-item" data-step="1"><p class="markdown-steps-title">Step with code</p><div class="markdown-steps-body"><pre><code class="language-ts">const foo = &quot;bar&quot;;
</code></pre></div></li></ol>"
`;

exports[`steps (markdown-it): 'body with emphasis and strong' 1`] = `"<ol class="markdown-steps"><li class="markdown-steps-item" data-step="1"><p class="markdown-steps-title">Step with rich body</p><div class="markdown-steps-body"><p>This has <em>emphasis</em> and <strong>strong</strong> text.</p></div></li></ol>"`;

exports[`steps (markdown-it): 'body with horizontal rule' 1`] = `"<ol class="markdown-steps"><li class="markdown-steps-item" data-step="1"><p class="markdown-steps-title">Step one</p><div class="markdown-steps-body"><p>Content before the rule.</p></div></li><li class="markdown-steps-item" data-step="2"><p class="markdown-steps-title">Step two</p><div class="markdown-steps-body"><p>Content after.</p></div></li></ol>"`;

exports[`steps (markdown-it): 'body with ordered list' 1`] = `"<ol class="markdown-steps"><li class="markdown-steps-item" data-step="1"><p class="markdown-steps-title">Step with an ordered list</p><div class="markdown-steps-body"><ol><li>First item</li><li>Second item</li><li>Third item</li></ol></div></li></ol>"`;

exports[`steps (markdown-it): 'body with unordered list' 1`] = `"<ol class="markdown-steps"><li class="markdown-steps-item" data-step="1"><p class="markdown-steps-title">Step with a list</p><div class="markdown-steps-body"><ul><li>Item one</li><li>Item two</li><li>Item three</li></ul></div></li></ol>"`;

exports[`steps (markdown-it): 'empty step' 1`] = `"<ol class="markdown-steps"><li class="markdown-steps-item" data-step="1"><p class="markdown-steps-title">Completed step</p></li><li class="markdown-steps-item" data-step="2"><p class="markdown-steps-title">Another step</p><div class="markdown-steps-body"><p>Body here.</p></div></li></ol>"`;

exports[`steps (markdown-it): 'manual numbering' 1`] = `"<ol class="markdown-steps"><li class="markdown-steps-item" data-step="1"><p class="markdown-steps-title">First</p></li><li class="markdown-steps-item" data-step="2"><p class="markdown-steps-title">Third skips to three</p></li><li class="markdown-steps-item" data-step="3"><p class="markdown-steps-title">Fourth</p></li></ol>"`;

exports[`steps (markdown-it): 'multiple nested steps with body' 1`] = `
"<ol class="markdown-steps"><li class="markdown-steps-item" data-step="1"><p class="markdown-steps-title">Clone the repo</p><div class="markdown-steps-body"><p>Run the following command:</p><pre><code class="language-sh">git clone https://github.com/example/repo.git
</code></pre></div><ol class="markdown-steps-list"><li class="markdown-steps-item" data-step="1"><p class="markdown-steps-title">Navigate to the directory</p><div class="markdown-steps-body"><p><code>cd repo</code></p></div></li><li class="markdown-steps-item" data-step="2"><p class="markdown-steps-title">Install dependencies</p><div class="markdown-steps-body"><p><code>npm install</code></p></div></li></ol></li><li class="markdown-steps-item" data-step="2"><p class="markdown-steps-title">Start the server</p><div class="markdown-steps-body"><p><code>npm start</code></p></div></li></ol>"
`;

exports[`steps (markdown-it): 'nested steps' 1`] = `"<ol class="markdown-steps"><li class="markdown-steps-item" data-step="1"><p class="markdown-steps-title">Outer step one</p><div class="markdown-steps-body"><p>Outer body.</p></div><ol class="markdown-steps-list"><li class="markdown-steps-item" data-step="1"><p class="markdown-steps-title">Inner step one</p><div class="markdown-steps-body"><p>Inner body.</p></div></li><li class="markdown-steps-item" data-step="2"><p class="markdown-steps-title">Inner step two</p><div class="markdown-steps-body"><p>More inner body.</p></div></li></ol></li><li class="markdown-steps-item" data-step="2"><p class="markdown-steps-title">Outer step two</p></li></ol>"`;

exports[`steps (markdown-it): 'single step empty title' 1`] = `"<ol class="markdown-steps"><li class="markdown-steps-item" data-step="1"><div class="markdown-steps-body"><p>Body without a title.</p></div></li></ol>"`;

exports[`steps (markdown-it): 'single step no body' 1`] = `"<ol class="markdown-steps"><li class="markdown-steps-item" data-step="1"><p class="markdown-steps-title">Step one</p></li></ol>"`;

exports[`steps (markdown-it): 'single step with body' 1`] = `"<ol class="markdown-steps"><li class="markdown-steps-item" data-step="1"><p class="markdown-steps-title">Step one</p><div class="markdown-steps-body"><p>This is the step body.</p></div></li></ol>"`;

exports[`steps (markdown-it): 'step block followed immediately by he…' 1`] = `"<ol class="markdown-steps"><li class="markdown-steps-item" data-step="1"><p class="markdown-steps-title">Only step</p><div class="markdown-steps-body"><p>Body.</p></div></li></ol><h2>Heading after steps</h2>"`;

exports[`steps (markdown-it): 'step surrounded by paragraphs' 1`] = `"<p>Paragraph before.</p><ol class="markdown-steps"><li class="markdown-steps-item" data-step="1"><p class="markdown-steps-title">Step one</p><div class="markdown-steps-body"><p>Body content.</p></div></li></ol><p>Paragraph after.</p>"`;

exports[`steps (markdown-it): 'step with inline formatted title' 1`] = `"<ol class="markdown-steps"><li class="markdown-steps-item" data-step="1"><p class="markdown-steps-title">Install <strong>Node.js</strong> and <code>npm</code></p><div class="markdown-steps-body"><p>Follow the official guide.</p></div></li></ol>"`;

exports[`steps (markdown-it): 'step with paragraph body' 1`] = `"<ol class="markdown-steps"><li class="markdown-steps-item" data-step="1"><p class="markdown-steps-title">Step one</p><div class="markdown-steps-body"><p>First paragraph.</p><p>Second paragraph.</p></div></li></ol>"`;

exports[`steps (markdown-it): 'three steps auto-increment' 1`] = `"<ol class="markdown-steps"><li class="markdown-steps-item" data-step="1"><p class="markdown-steps-title">Step A</p></li><li class="markdown-steps-item" data-step="2"><p class="markdown-steps-title">Step B</p></li><li class="markdown-steps-item" data-step="3"><p class="markdown-steps-title">Step C</p></li></ol>"`;

exports[`steps (markdown-it): 'two independent step blocks separated…' 1`] = `"<ol class="markdown-steps"><li class="markdown-steps-item" data-step="1"><p class="markdown-steps-title">Block one step one</p><div class="markdown-steps-body"><p>Body.</p></div></li></ol><p>This paragraph separates the two blocks.</p><ol class="markdown-steps"><li class="markdown-steps-item" data-step="1"><p class="markdown-steps-title">Block two step one</p><div class="markdown-steps-body"><p>Body.</p></div></li><li class="markdown-steps-item" data-step="2"><p class="markdown-steps-title">Block two step two</p></li></ol>"`;

exports[`steps (markdown-it): 'two steps' 1`] = `"<ol class="markdown-steps"><li class="markdown-steps-item" data-step="1"><p class="markdown-steps-title">First step</p><div class="markdown-steps-body"><p>First body.</p></div></li><li class="markdown-steps-item" data-step="2"><p class="markdown-steps-title">Second step</p><div class="markdown-steps-body"><p>Second body.</p></div></li></ol>"`;
