// Vitest Snapshot v1, https://vitest.dev/guide/snapshot.html

exports[`inline-svg (rehype): inlines svg 1`] = `"<p><svg xmlns="http://www.w3.org/2000/svg" width="250" height="250" viewBox="0 0 250 250" alt=""><circle cx="125" cy="125" r="100" fill="#ba5b5b" fill-opacity="0.5"></circle></svg></p>"`;

exports[`inline-svg (rehype): leaves non-svg images unchanged 1`] = `
"<p><svg xmlns="http://www.w3.org/2000/svg" width="250" height="250" viewBox="0 0 250 250" alt=""><circle cx="125" cy="125" r="100" fill="#ba5b5b" fill-opacity="0.5"></circle></svg></p>
<p><img src="./fixtures/logo.png" alt="logo"></p>"
`;

exports[`inline-svg (rehype): preserves alt text as attribute 1`] = `"<p><svg xmlns="http://www.w3.org/2000/svg" width="250" height="250" viewBox="0 0 250 250" alt="Inline SVG"><circle cx="125" cy="125" r="100" fill="#ba5b5b" fill-opacity="0.5"></circle></svg></p>"`;

exports[`inline-svg (rehype): typical document 1`] = `
"<h1>Hello</h1>
<p>This is a test markdown document.</p>
<p><svg xmlns="http://www.w3.org/2000/svg" width="250" height="250" viewBox="0 0 250 250" alt="Inline SVG"><circle cx="125" cy="125" r="100" fill="#ba5b5b" fill-opacity="0.5"></circle></svg></p>
<p>Cheers</p>"
`;

exports[`inline-svg (rehype): utf-8 file path 1`] = `"<p><svg xmlns="http://www.w3.org/2000/svg" class="acjk" viewBox="0 0 1024 1024" alt="一"><path d="M512 532c96-10 232-21 370 0 28 4 52-17 34-36-24-24-63-48-84-54-13-4-29-5-50 0-50 10-108 20-270 38-158 16-305 24-392 27-11 0-21 7-20 17 0 18 23 36 45 47 34 17 61 6 95 0 96-19 190-32 272-39"></path></svg></p>"`;
